../Core/Src/main.c:92:5:main	8	static
../Core/Src/main.c:184:6:SystemClock_Config	120	static
../Core/Src/main.c:244:13:MX_UART7_Init	8	static
../Core/Src/main.c:292:13:MX_USART3_UART_Init	8	static
../Core/Src/main.c:340:13:MX_GPIO_Init	48	static
../Core/Src/main.c:384:5:_write	24	static
../Core/Src/main.c:390:6:HAL_UART_RxCpltCallback	24	static,ignoring_inline_asm
../Core/Src/main.c:418:6:StartDefaultTask	16	static
../Core/Src/main.c:431:6:MPU_Config	24	static
../Core/Src/main.c:466:6:HAL_TIM_PeriodElapsedCallback	16	static
../Core/Src/main.c:483:6:Error_Handler	4	static,ignoring_inline_asm
